shell-1440-light: PASS
account-1440-light: PASS
ttc-1440-light: PASS
system-1440-light: PASS
promotion-create-1440-light: PASS
promotion-detail-1440-light: PASS
reports-1440-light: PASS
reports-integrity-1440-light: PASS
logs-1440-light: PASS
log-detail-1440-light: PASS
shell-1280-light: PASS
account-1280-light: PASS
ttc-1280-light: PASS
system-1280-light: PASS
promotion-create-1280-light: PASS
promotion-detail-1280-light: PASS
reports-1280-light: PASS
reports-integrity-1280-light: PASS
logs-1280-light: PASS
log-detail-1280-light: PASS
shell-768-light: PASS
account-768-light: PASS
ttc-768-light: PASS
system-768-light: PASS
promotion-create-768-light: PASS
promotion-detail-768-light: PASS
reports-768-light: PASS
reports-integrity-768-light: PASS
logs-768-light: PASS
log-detail-768-light: PASS
shell-390-light: PASS
account-390-light: PASS
ttc-390-light: PASS
system-390-light: PASS
promotion-create-390-light: PASS
promotion-detail-390-light: PASS
reports-390-light: PASS
reports-integrity-390-light: PASS
logs-390-light: PASS
log-detail-390-light: PASS
shell-1280-dark: PASS
account-1280-dark: PASS
ttc-1280-dark: PASS
system-1280-dark: PASS
promotion-create-1280-dark: PASS
promotion-detail-1280-dark: PASS
reports-1280-dark: PASS
reports-integrity-1280-dark: PASS
logs-1280-dark: PASS
log-detail-1280-dark: PASS
shell-390-dark: PASS
account-390-dark: PASS
ttc-390-dark: PASS
system-390-dark: PASS
promotion-create-390-dark: PASS
promotion-detail-390-dark: PASS
reports-390-dark: PASS
reports-integrity-390-dark: PASS
logs-390-dark: PASS
log-detail-390-dark: PASS
{
  "screenshots": 60,
  "errors": []
}
